---
source: crates/eden-sentry/src/report.rs
expression: event
---
{
  "event_id": "9b024fb69b944c14906741e0bd1388db",
  "message": "Failed to query table",
  "timestamp": 0,
  "exception": {
    "values": [
      {
        "type": "Custom",
        "value": "(code: 1) near \"H\": syntax error"
      },
      {
        "type": "Database(SqliteError { code: 1, message: \"near \\\"H\\\": syntax error\" })",
        "value": "error returned from database: (code: 1) near \"H\": syntax error"
      },
      {
        "type": "QueryError",
        "value": "Failed to query table"
      }
    ]
  },
  "template": {
    "filename": "report.rs",
    "abs_path": "crates/eden-sentry/src/report.rs",
    "lineno": 201,
    "colno": 14
  }
}
