---
source: src/gateway-api/src/alerts/admin_commands.rs
expression: alert
---
{
  "command": "/tell Notch I have secrets",
  "executor": {
    "type": "player",
    "dimension": "minecraft:overworld",
    "gamemode": "survival",
    "position": [
      0,
      0,
      0
    ],
    "username": "jebs",
    "uuid": "00000000-0000-0000-0000-000000000000"
  }
}
